role=recursive result=ERROR error=expected exactly one question
role=recursive result=ERROR error=expected exactly one question
role=recursive result=ERROR error=expected exactly one question
role=recursive result=ERROR error=expected exactly one question
role=recursive result=ERROR error=expected exactly one question
role=recursive result=ERROR error=expected exactly one question
role=recursive result=ERROR error=expected exactly one question
role=recursive result=ERROR error=expected exactly one question
role=recursive result=ERROR error=expected exactly one question
role=recursive result=ERROR error=expected exactly one question
role=recursive qname= qtype=0 qclass=0 rd=1 result=BAD_QUERY_TYPE
role=recursive qname= qtype=0 qclass=0 rd=1 result=BAD_QUERY_TYPE
role=recursive qname=alpha.test qtype=1 qclass=1 rd=1 result=OK
role=recursive qname=alpha.test qtype=1 qclass=1 rd=1 result=OK
role=recursive qname=beta.test qtype=1 qclass=1 rd=1 result=OK
role=recursive qname=gamma.test qtype=1 qclass=1 rd=1 result=OK
role=recursive qname=delta.test qtype=1 qclass=1 rd=1 result=OK
role=recursive qname=epsilon.test qtype=1 qclass=1 rd=1 result=OK
role=recursive qname=zeta.test qtype=1 qclass=1 rd=1 result=OK
role=recursive qname=eta.test qtype=1 qclass=1 rd=1 result=OK
role=recursive qname=alias.test qtype=1 qclass=1 rd=1 result=OK
role=recursive qname=missing.test qtype=1 qclass=1 rd=1 result=OK
role=recursive qname=alpha.test qtype=1 qclass=1 rd=1 result=OK
role=recursive qname=beta.test qtype=1 qclass=1 rd=1 result=OK
role=recursive qname=gamma.test qtype=1 qclass=1 rd=1 result=OK
role=recursive qname=delta.test qtype=1 qclass=1 rd=1 result=OK
role=recursive qname=epsilon.test qtype=1 qclass=1 rd=1 result=OK
role=recursive qname=zeta.test qtype=1 qclass=1 rd=1 result=OK
role=recursive qname=eta.test qtype=1 qclass=1 rd=1 result=OK
role=recursive qname=alias.test qtype=1 qclass=1 rd=1 result=OK
role=recursive qname=missing.test qtype=1 qclass=1 rd=1 result=OK
role=recursive qname=alpha.test qtype=1 qclass=1 rd=1 result=OK
role=recursive qname=beta.test qtype=1 qclass=1 rd=1 result=OK
role=recursive qname=gamma.test qtype=1 qclass=1 rd=1 result=OK
role=recursive qname=delta.test qtype=1 qclass=1 rd=1 result=OK
role=recursive qname=epsilon.test qtype=1 qclass=1 rd=1 result=OK
role=recursive qname=zeta.test qtype=1 qclass=1 rd=1 result=OK
role=recursive qname=eta.test qtype=1 qclass=1 rd=1 result=OK
role=recursive qname=alias.test qtype=1 qclass=1 rd=1 result=OK
role=recursive qname=missing.test qtype=1 qclass=1 rd=1 result=OK
role=recursive qname=alpha.test qtype=1 qclass=1 rd=1 result=OK
role=recursive qname=beta.test qtype=1 qclass=1 rd=1 result=OK
role=recursive qname=gamma.test qtype=1 qclass=1 rd=1 result=OK
role=recursive qname=delta.test qtype=1 qclass=1 rd=1 result=OK
role=recursive qname=epsilon.test qtype=1 qclass=1 rd=1 result=OK
role=recursive qname=zeta.test qtype=1 qclass=1 rd=1 result=OK
role=recursive qname=eta.test qtype=1 qclass=1 rd=1 result=OK
role=recursive qname=alias.test qtype=1 qclass=1 rd=1 result=OK
role=recursive qname=missing.test qtype=1 qclass=1 rd=1 result=OK
role=recursive qname=alpha.test qtype=1 qclass=1 rd=1 result=OK
role=recursive qname=alpha.test qtype=1 qclass=1 rd=1 result=OK
role=recursive qname=alpha.test qtype=1 qclass=1 rd=1 result=OK
role=recursive qname=alpha.test qtype=1 qclass=1 rd=1 result=OK
role=recursive qname=alpha.test qtype=1 qclass=1 rd=1 result=OK
role=recursive qname=alpha.test qtype=1 qclass=1 rd=1 result=OK
role=recursive qname=alpha.test qtype=1 qclass=1 rd=1 result=OK
role=recursive qname=alpha.test qtype=1 qclass=1 rd=1 result=OK
role=recursive qname=alpha.test qtype=1 qclass=1 rd=1 result=OK
role=recursive qname=alpha.test qtype=1 qclass=1 rd=1 result=OK
role=recursive qname=alpha.test qtype=1 qclass=1 rd=1 result=OK
role=recursive qname=alpha.test qtype=1 qclass=1 rd=1 result=OK
role=recursive qname=alpha.test qtype=1 qclass=1 rd=1 result=OK
role=recursive qname=alpha.test qtype=1 qclass=1 rd=1 result=OK
role=recursive qname=alpha.test qtype=1 qclass=1 rd=1 result=OK
role=recursive qname=alpha.test qtype=1 qclass=1 rd=1 result=OK
role=recursive qname=alpha.test qtype=1 qclass=1 rd=1 result=OK
role=recursive qname=alpha.test qtype=1 qclass=1 rd=1 result=OK
role=recursive qname=alpha.test qtype=1 qclass=1 rd=1 result=OK
role=recursive qname=alpha.test qtype=1 qclass=1 rd=1 result=OK
role=recursive qname=alpha.test qtype=1 qclass=1 rd=1 result=OK
role=recursive qname=alpha.test qtype=1 qclass=1 rd=1 result=OK
role=recursive qname=alpha.test qtype=1 qclass=1 rd=1 result=OK
role=recursive qname=alpha.test qtype=1 qclass=1 rd=1 result=OK
role=recursive qname=alpha.test qtype=1 qclass=1 rd=1 result=OK
role=recursive qname=alpha.test qtype=1 qclass=1 rd=1 result=OK
role=recursive qname=alpha.test qtype=1 qclass=1 rd=1 result=OK
role=recursive qname=alpha.test qtype=1 qclass=1 rd=1 result=OK
role=recursive qname=alpha.test qtype=1 qclass=1 rd=1 result=OK
role=recursive qname=alpha.test qtype=1 qclass=1 rd=1 result=OK
role=recursive qname=alpha.test qtype=1 qclass=1 rd=1 result=OK
role=recursive qname=alpha.test qtype=1 qclass=1 rd=1 result=OK
role=recursive qname=alpha.test qtype=1 qclass=1 rd=1 result=OK
role=recursive qname=alpha.test qtype=1 qclass=1 rd=1 result=OK
role=recursive qname=alpha.test qtype=1 qclass=1 rd=1 result=OK
role=recursive qname=alpha.test qtype=1 qclass=1 rd=1 result=OK
role=recursive qname=alpha.test qtype=1 qclass=1 rd=1 result=OK
role=recursive qname=alpha.test qtype=1 qclass=1 rd=1 result=OK
role=recursive qname=alpha.test qtype=1 qclass=1 rd=1 result=OK
role=recursive qname=alpha.test qtype=1 qclass=1 rd=1 result=OK
role=recursive qname=alpha.test qtype=1 qclass=1 rd=1 result=OK
role=recursive qname=alpha.test qtype=1 qclass=1 rd=1 result=OK
role=recursive qname=alpha.test qtype=1 qclass=1 rd=1 result=OK
role=recursive qname=beta.test qtype=1 qclass=1 rd=1 result=OK
role=recursive qname=gamma.test qtype=1 qclass=1 rd=1 result=OK
role=recursive qname=delta.test qtype=1 qclass=1 rd=1 result=OK
role=recursive qname=epsilon.test qtype=1 qclass=1 rd=1 result=OK
role=recursive qname=zeta.test qtype=1 qclass=1 rd=1 result=OK
role=recursive qname=eta.test qtype=1 qclass=1 rd=1 result=OK
role=recursive qname=alias.test qtype=1 qclass=1 rd=1 result=OK
role=recursive qname=missing.test qtype=1 qclass=1 rd=1 result=OK
role=recursive qname=beta.test qtype=1 qclass=1 rd=1 result=OK
role=recursive qname=beta.test qtype=1 qclass=1 rd=1 result=OK
role=recursive qname=beta.test qtype=1 qclass=1 rd=1 result=OK
role=recursive qname=beta.test qtype=1 qclass=1 rd=1 result=OK
role=recursive qname=beta.test qtype=1 qclass=1 rd=1 result=OK
role=recursive qname=beta.test qtype=1 qclass=1 rd=1 result=OK
role=recursive qname=beta.test qtype=1 qclass=1 rd=1 result=OK
role=recursive qname=beta.test qtype=1 qclass=1 rd=1 result=OK
role=recursive qname=beta.test qtype=1 qclass=1 rd=1 result=OK
role=recursive qname=beta.test qtype=1 qclass=1 rd=1 result=OK
role=recursive qname=alpha.test qtype=1 qclass=1 rd=1 result=OK
role=recursive qname=alpha.test qtype=1 qclass=1 rd=1 result=OK
role=recursive qname=beta.test qtype=1 qclass=1 rd=1 result=OK
role=recursive qname=alpha.test qtype=1 qclass=1 rd=1 result=OK
role=recursive qname=beta.test qtype=1 qclass=1 rd=1 result=OK
role=recursive qname=beta.test qtype=1 qclass=1 rd=1 result=OK
role=recursive qname=alpha.test qtype=1 qclass=1 rd=1 result=OK
role=recursive qname=alpha.test qtype=1 qclass=1 rd=1 result=OK
role=recursive qname=beta.test qtype=1 qclass=1 rd=1 result=OK
role=recursive qname=beta.test qtype=1 qclass=1 rd=1 result=OK
role=recursive qname=beta.test qtype=1 qclass=1 rd=1 result=OK
role=recursive qname=beta.test qtype=1 qclass=1 rd=1 result=OK
role=recursive qname=alpha.test qtype=1 qclass=1 rd=1 result=OK
role=recursive qname=alpha.test qtype=1 qclass=1 rd=1 result=OK
role=recursive qname=beta.test qtype=1 qclass=1 rd=1 result=OK
role=recursive qname=gamma.test qtype=1 qclass=1 rd=1 result=OK
role=recursive qname=delta.test qtype=1 qclass=1 rd=1 result=OK
role=recursive qname=epsilon.test qtype=1 qclass=1 rd=1 result=OK
role=recursive qname=zeta.test qtype=1 qclass=1 rd=1 result=OK
role=recursive qname=eta.test qtype=1 qclass=1 rd=1 result=OK
role=recursive qname=alias.test qtype=1 qclass=1 rd=1 result=OK
role=recursive qname=missing.test qtype=1 qclass=1 rd=1 result=OK
role=recursive qname=alpha.test qtype=1 qclass=1 rd=1 result=OK
role=recursive qname=beta.test qtype=1 qclass=1 rd=1 result=OK
role=recursive qname=gamma.test qtype=1 qclass=1 rd=1 result=OK
role=recursive qname=delta.test qtype=1 qclass=1 rd=1 result=OK
role=recursive qname=epsilon.test qtype=1 qclass=1 rd=1 result=OK
role=recursive qname=zeta.test qtype=1 qclass=1 rd=1 result=OK
role=recursive qname=eta.test qtype=1 qclass=1 rd=1 result=OK
role=recursive qname=alias.test qtype=1 qclass=1 rd=1 result=OK
role=recursive qname=missing.test qtype=1 qclass=1 rd=1 result=OK
role=recursive qname=alpha.test qtype=1 qclass=1 rd=1 result=OK
role=recursive qname=beta.test qtype=1 qclass=1 rd=1 result=OK
role=recursive qname=gamma.test qtype=1 qclass=1 rd=1 result=OK
role=recursive qname=delta.test qtype=1 qclass=1 rd=1 result=OK
role=recursive qname=epsilon.test qtype=1 qclass=1 rd=1 result=OK
role=recursive qname=zeta.test qtype=1 qclass=1 rd=1 result=OK
role=recursive qname=eta.test qtype=1 qclass=1 rd=1 result=OK
role=recursive qname=alias.test qtype=1 qclass=1 rd=1 result=OK
role=recursive qname=missing.test qtype=1 qclass=1 rd=1 result=OK
role=recursive qname=alpha.test qtype=1 qclass=1 rd=1 result=OK
role=recursive qname=beta.test qtype=1 qclass=1 rd=1 result=OK
role=recursive qname=gamma.test qtype=1 qclass=1 rd=1 result=OK
role=recursive qname=delta.test qtype=1 qclass=1 rd=1 result=OK
role=recursive qname=epsilon.test qtype=1 qclass=1 rd=1 result=OK
role=recursive qname=zeta.test qtype=1 qclass=1 rd=1 result=OK
role=recursive qname=eta.test qtype=1 qclass=1 rd=1 result=OK
role=recursive qname=alias.test qtype=1 qclass=1 rd=1 result=OK
role=recursive qname=missing.test qtype=1 qclass=1 rd=1 result=OK
role=recursive qname=alpha.test qtype=1 qclass=1 rd=1 result=OK
role=recursive qname=beta.test qtype=1 qclass=1 rd=1 result=OK
role=recursive qname=gamma.test qtype=1 qclass=1 rd=1 result=OK
role=recursive qname=delta.test qtype=1 qclass=1 rd=1 result=OK
role=recursive qname=epsilon.test qtype=1 qclass=1 rd=1 result=OK
role=recursive qname=zeta.test qtype=1 qclass=1 rd=1 result=OK
role=recursive qname=eta.test qtype=1 qclass=1 rd=1 result=OK
role=recursive qname=alias.test qtype=1 qclass=1 rd=1 result=OK
role=recursive qname=missing.test qtype=1 qclass=1 rd=1 result=OK
role=recursive qname=alpha.test qtype=1 qclass=1 rd=1 result=OK
role=recursive qname=beta.test qtype=1 qclass=1 rd=1 result=OK
role=recursive qname=gamma.test qtype=1 qclass=1 rd=1 result=OK
role=recursive qname=delta.test qtype=1 qclass=1 rd=1 result=OK
role=recursive qname=epsilon.test qtype=1 qclass=1 rd=1 result=OK
role=recursive qname=zeta.test qtype=1 qclass=1 rd=1 result=OK
role=recursive qname=eta.test qtype=1 qclass=1 rd=1 result=OK
role=recursive qname=alias.test qtype=1 qclass=1 rd=1 result=OK
role=recursive qname=missing.test qtype=1 qclass=1 rd=1 result=OK
role=recursive qname=alpha.test qtype=1 qclass=1 rd=1 result=OK
role=recursive qname=alias.test qtype=1 qclass=1 rd=1 result=OK
role=recursive qname=alias.test qtype=1 qclass=1 rd=1 result=OK
role=recursive qname=alias.test qtype=1 qclass=1 rd=1 result=OK
role=recursive qname=alias.test qtype=1 qclass=1 rd=1 result=OK
role=recursive qname=alias.test qtype=1 qclass=1 rd=1 result=OK
role=recursive qname=alpha.test qtype=1 qclass=1 rd=1 result=OK
role=recursive qname=beta.test qtype=1 qclass=1 rd=1 result=OK
role=recursive qname=gamma.test qtype=1 qclass=1 rd=1 result=OK
role=recursive qname=delta.test qtype=1 qclass=1 rd=1 result=OK
role=recursive qname=epsilon.test qtype=1 qclass=1 rd=1 result=OK
role=recursive qname=zeta.test qtype=1 qclass=1 rd=1 result=OK
role=recursive qname=eta.test qtype=1 qclass=1 rd=1 result=OK
role=recursive qname=alias.test qtype=1 qclass=1 rd=1 result=OK
role=recursive qname=missing.test qtype=1 qclass=1 rd=1 result=OK
role=root qname=alpha.test qtype=1 qclass=1 rd=0 result=OK
role=root qname=alpha.test qtype=1 qclass=1 rd=0 result=OK
role=root qname=alpha.test qtype=1 qclass=1 rd=0 result=OK
role=root qname=alpha.test qtype=1 qclass=1 rd=0 result=OK
role=root qname=alpha.test qtype=1 qclass=1 rd=0 result=OK
role=root qname=alpha.test qtype=1 qclass=1 rd=0 result=OK
role=root qname=alpha.test qtype=1 qclass=1 rd=0 result=OK
role=root qname=alpha.test qtype=1 qclass=1 rd=0 result=OK
role=root qname=alpha.test qtype=1 qclass=1 rd=0 result=OK
role=root qname=alpha.test qtype=1 qclass=1 rd=0 result=OK
role=root qname=alpha.test qtype=1 qclass=1 rd=0 result=OK
role=root qname=alpha.test qtype=1 qclass=1 rd=0 result=OK
role=root qname=alpha.test qtype=1 qclass=1 rd=0 result=OK
role=root qname=alpha.test qtype=1 qclass=1 rd=0 result=OK
role=root qname=alpha.test qtype=1 qclass=1 rd=0 result=OK
role=root qname=alpha.test qtype=1 qclass=1 rd=0 result=OK
role=root qname=alpha.test qtype=1 qclass=1 rd=0 result=OK
role=root qname=alpha.test qtype=1 qclass=1 rd=0 result=OK
role=root qname=alpha.test qtype=1 qclass=1 rd=0 result=OK
role=root qname=alpha.test qtype=1 qclass=1 rd=0 result=OK
role=root qname=alpha.test qtype=1 qclass=1 rd=0 result=OK
role=root qname=alpha.test qtype=1 qclass=1 rd=0 result=OK
role=root qname=alpha.test qtype=1 qclass=1 rd=0 result=OK
role=tld qname=alpha.test qtype=1 qclass=1 rd=0 result=OK
role=root qname=alpha.test qtype=1 qclass=1 rd=0 result=OK
role=tld qname=alpha.test qtype=1 qclass=1 rd=0 result=OK
role=root qname=alpha.test qtype=1 qclass=1 rd=0 result=OK
role=tld qname=alpha.test qtype=1 qclass=1 rd=0 result=OK
role=root qname=alpha.test qtype=1 qclass=1 rd=0 result=OK
role=tld qname=alpha.test qtype=1 qclass=1 rd=0 result=OK
role=auth-a qname=alpha.test qtype=1 qclass=1 rd=0 result=OK
role=root qname=alpha.test qtype=1 qclass=1 rd=0 result=OK
role=tld qname=alpha.test qtype=1 qclass=1 rd=0 result=OK
role=auth-a qname=alpha.test qtype=1 qclass=1 rd=0 result=OK
role=recursive qname=alpha.test qtype=1 qclass=1 rd=1 result=OK
role=recursive qname=beta.test qtype=1 qclass=1 rd=1 result=OK
role=recursive qname=gamma.test qtype=1 qclass=1 rd=1 result=OK
role=recursive qname=delta.test qtype=1 qclass=1 rd=1 result=OK
role=recursive qname=epsilon.test qtype=1 qclass=1 rd=1 result=OK
role=recursive qname=zeta.test qtype=1 qclass=1 rd=1 result=OK
role=recursive qname=eta.test qtype=1 qclass=1 rd=1 result=OK
role=recursive qname=alias.test qtype=1 qclass=1 rd=1 result=OK
role=recursive qname=missing.test qtype=1 qclass=1 rd=1 result=OK
role=root qname=alpha.test qtype=1 qclass=1 rd=0 result=OK
role=tld qname=alpha.test qtype=1 qclass=1 rd=0 result=OK
role=auth-a qname=alpha.test qtype=1 qclass=1 rd=0 result=OK
role=root qname=beta.test qtype=1 qclass=1 rd=0 result=OK
role=tld qname=beta.test qtype=1 qclass=1 rd=0 result=OK
role=auth-a qname=beta.test qtype=1 qclass=1 rd=0 result=OK
role=root qname=gamma.test qtype=1 qclass=1 rd=0 result=OK
role=root qname=gamma.test qtype=1 qclass=1 rd=0 result=OK
role=root qname=gamma.test qtype=1 qclass=1 rd=0 result=OK
role=tld qname=gamma.test qtype=1 qclass=1 rd=0 result=OK
role=auth-a qname=gamma.test qtype=1 qclass=1 rd=0 result=OK
role=root qname=gamma.test qtype=1 qclass=1 rd=0 result=OK
role=tld qname=gamma.test qtype=1 qclass=1 rd=0 result=OK
role=auth-a qname=gamma.test qtype=1 qclass=1 rd=0 result=OK
role=recursive qname=alpha.test qtype=1 qclass=1 rd=1 result=OK
role=recursive qname=beta.test qtype=1 qclass=1 rd=1 result=OK
role=recursive qname=gamma.test qtype=1 qclass=1 rd=1 result=OK
role=recursive qname=delta.test qtype=1 qclass=1 rd=1 result=OK
role=recursive qname=epsilon.test qtype=1 qclass=1 rd=1 result=OK
role=recursive qname=zeta.test qtype=1 qclass=1 rd=1 result=OK
role=recursive qname=eta.test qtype=1 qclass=1 rd=1 result=OK
role=recursive qname=alias.test qtype=1 qclass=1 rd=1 result=OK
role=recursive qname=missing.test qtype=1 qclass=1 rd=1 result=OK
role=root qname=alpha.test qtype=1 qclass=1 rd=0 result=OK
role=tld qname=alpha.test qtype=1 qclass=1 rd=0 result=OK
role=auth-a qname=alpha.test qtype=1 qclass=1 rd=0 result=OK
role=root qname=beta.test qtype=1 qclass=1 rd=0 result=OK
role=tld qname=beta.test qtype=1 qclass=1 rd=0 result=OK
role=auth-a qname=beta.test qtype=1 qclass=1 rd=0 result=OK
role=root qname=gamma.test qtype=1 qclass=1 rd=0 result=OK
role=tld qname=gamma.test qtype=1 qclass=1 rd=0 result=OK
role=auth-a qname=gamma.test qtype=1 qclass=1 rd=0 result=OK
role=root qname=delta.test qtype=1 qclass=1 rd=0 result=OK
role=tld qname=delta.test qtype=1 qclass=1 rd=0 result=OK
role=recursive qname=alpha.test qtype=1 qclass=1 rd=1 result=OK
role=recursive qname=beta.test qtype=1 qclass=1 rd=1 result=OK
role=recursive qname=gamma.test qtype=1 qclass=1 rd=1 result=OK
role=recursive qname=delta.test qtype=1 qclass=1 rd=1 result=OK
role=recursive qname=epsilon.test qtype=1 qclass=1 rd=1 result=OK
role=recursive qname=zeta.test qtype=1 qclass=1 rd=1 result=OK
role=recursive qname=eta.test qtype=1 qclass=1 rd=1 result=OK
role=recursive qname=alias.test qtype=1 qclass=1 rd=1 result=OK
role=recursive qname=missing.test qtype=1 qclass=1 rd=1 result=OK
role=root qname=alpha.test qtype=1 qclass=1 rd=0 result=OK
role=tld qname=alpha.test qtype=1 qclass=1 rd=0 result=OK
role=auth-a qname=alpha.test qtype=1 qclass=1 rd=0 result=OK
role=root qname=beta.test qtype=1 qclass=1 rd=0 result=OK
role=tld qname=beta.test qtype=1 qclass=1 rd=0 result=OK
role=auth-a qname=beta.test qtype=1 qclass=1 rd=0 result=OK
role=root qname=gamma.test qtype=1 qclass=1 rd=0 result=OK
role=tld qname=gamma.test qtype=1 qclass=1 rd=0 result=OK
role=auth-a qname=gamma.test qtype=1 qclass=1 rd=0 result=OK
role=root qname=delta.test qtype=1 qclass=1 rd=0 result=OK
role=tld qname=delta.test qtype=1 qclass=1 rd=0 result=OK
role=auth-b qname=delta.test qtype=1 qclass=1 rd=0 result=OK
role=root qname=epsilon.test qtype=1 qclass=1 rd=0 result=OK
role=tld qname=epsilon.test qtype=1 qclass=1 rd=0 result=OK
role=auth-b qname=epsilon.test qtype=1 qclass=1 rd=0 result=OK
role=root qname=zeta.test qtype=1 qclass=1 rd=0 result=OK
role=tld qname=zeta.test qtype=1 qclass=1 rd=0 result=OK
role=auth-b qname=zeta.test qtype=1 qclass=1 rd=0 result=OK
role=root qname=eta.test qtype=1 qclass=1 rd=0 result=OK
role=tld qname=eta.test qtype=1 qclass=1 rd=0 result=OK
role=auth-a qname=eta.test qtype=1 qclass=1 rd=0 result=OK
role=root qname=alias.test qtype=1 qclass=1 rd=0 result=OK
role=tld qname=alias.test qtype=1 qclass=1 rd=0 result=OK
role=auth-a qname=alias.test qtype=1 qclass=1 rd=0 result=OK
role=root qname=missing.test qtype=1 qclass=1 rd=0 result=OK
role=tld qname=missing.test qtype=1 qclass=1 rd=0 result=OK
role=auth-a qname=missing.test qtype=1 qclass=1 rd=0 result=OK
role=recursive qname=alpha.test qtype=1 qclass=1 rd=1 result=OK
role=recursive qname=beta.test qtype=1 qclass=1 rd=1 result=OK
role=recursive qname=gamma.test qtype=1 qclass=1 rd=1 result=OK
role=recursive qname=delta.test qtype=1 qclass=1 rd=1 result=OK
role=recursive qname=epsilon.test qtype=1 qclass=1 rd=1 result=OK
role=recursive qname=zeta.test qtype=1 qclass=1 rd=1 result=OK
role=recursive qname=eta.test qtype=1 qclass=1 rd=1 result=OK
role=recursive qname=alias.test qtype=1 qclass=1 rd=1 result=OK
role=recursive qname=missing.test qtype=1 qclass=1 rd=1 result=OK
role=root qname=alpha.test qtype=1 qclass=1 rd=0 result=OK
role=tld qname=alpha.test qtype=1 qclass=1 rd=0 result=OK
role=auth-a qname=alpha.test qtype=1 qclass=1 rd=0 result=OK
role=root qname=beta.test qtype=1 qclass=1 rd=0 result=OK
role=tld qname=beta.test qtype=1 qclass=1 rd=0 result=OK
role=auth-a qname=beta.test qtype=1 qclass=1 rd=0 result=OK
role=root qname=gamma.test qtype=1 qclass=1 rd=0 result=OK
role=tld qname=gamma.test qtype=1 qclass=1 rd=0 result=OK
role=auth-a qname=gamma.test qtype=1 qclass=1 rd=0 result=OK
role=root qname=delta.test qtype=1 qclass=1 rd=0 result=OK
role=tld qname=delta.test qtype=1 qclass=1 rd=0 result=OK
role=auth-b qname=delta.test qtype=1 qclass=1 rd=0 result=OK
role=root qname=epsilon.test qtype=1 qclass=1 rd=0 result=OK
role=tld qname=epsilon.test qtype=1 qclass=1 rd=0 result=OK
role=auth-b qname=epsilon.test qtype=1 qclass=1 rd=0 result=OK
role=root qname=zeta.test qtype=1 qclass=1 rd=0 result=OK
role=tld qname=zeta.test qtype=1 qclass=1 rd=0 result=OK
role=auth-b qname=zeta.test qtype=1 qclass=1 rd=0 result=OK
role=root qname=eta.test qtype=1 qclass=1 rd=0 result=OK
role=tld qname=eta.test qtype=1 qclass=1 rd=0 result=OK
role=auth-a qname=eta.test qtype=1 qclass=1 rd=0 result=OK
role=root qname=alias.test qtype=1 qclass=1 rd=0 result=OK
role=tld qname=alias.test qtype=1 qclass=1 rd=0 result=OK
role=auth-a qname=alias.test qtype=1 qclass=1 rd=0 result=OK
role=root qname=missing.test qtype=1 qclass=1 rd=0 result=OK
role=tld qname=missing.test qtype=1 qclass=1 rd=0 result=OK
role=auth-a qname=missing.test qtype=1 qclass=1 rd=0 result=OK
role=recursive qname=alpha.test qtype=1 qclass=1 rd=1 result=OK
role=recursive qname=beta.test qtype=1 qclass=1 rd=1 result=OK
role=recursive qname=gamma.test qtype=1 qclass=1 rd=1 result=OK
role=recursive qname=delta.test qtype=1 qclass=1 rd=1 result=OK
role=recursive qname=epsilon.test qtype=1 qclass=1 rd=1 result=OK
role=recursive qname=zeta.test qtype=1 qclass=1 rd=1 result=OK
role=recursive qname=eta.test qtype=1 qclass=1 rd=1 result=OK
role=recursive qname=alias.test qtype=1 qclass=1 rd=1 result=OK
role=recursive qname=missing.test qtype=1 qclass=1 rd=1 result=OK
role=root qname=alpha.test qtype=1 qclass=1 rd=0 result=OK
role=tld qname=alpha.test qtype=1 qclass=1 rd=0 result=OK
role=auth-a qname=alpha.test qtype=1 qclass=1 rd=0 result=OK
role=root qname=beta.test qtype=1 qclass=1 rd=0 result=OK
role=tld qname=beta.test qtype=1 qclass=1 rd=0 result=OK
role=auth-a qname=beta.test qtype=1 qclass=1 rd=0 result=OK
role=root qname=gamma.test qtype=1 qclass=1 rd=0 result=OK
role=tld qname=gamma.test qtype=1 qclass=1 rd=0 result=OK
role=auth-a qname=gamma.test qtype=1 qclass=1 rd=0 result=OK
role=root qname=delta.test qtype=1 qclass=1 rd=0 result=OK
role=tld qname=delta.test qtype=1 qclass=1 rd=0 result=OK
role=auth-b qname=delta.test qtype=1 qclass=1 rd=0 result=OK
role=root qname=epsilon.test qtype=1 qclass=1 rd=0 result=OK
role=tld qname=epsilon.test qtype=1 qclass=1 rd=0 result=OK
role=auth-b qname=epsilon.test qtype=1 qclass=1 rd=0 result=OK
role=root qname=zeta.test qtype=1 qclass=1 rd=0 result=OK
role=tld qname=zeta.test qtype=1 qclass=1 rd=0 result=OK
role=auth-b qname=zeta.test qtype=1 qclass=1 rd=0 result=OK
role=root qname=eta.test qtype=1 qclass=1 rd=0 result=OK
role=tld qname=eta.test qtype=1 qclass=1 rd=0 result=OK
role=auth-a qname=eta.test qtype=1 qclass=1 rd=0 result=OK
role=root qname=alias.test qtype=1 qclass=1 rd=0 result=OK
role=tld qname=alias.test qtype=1 qclass=1 rd=0 result=OK
role=auth-a qname=alias.test qtype=1 qclass=1 rd=0 result=OK
role=root qname=missing.test qtype=1 qclass=1 rd=0 result=OK
role=tld qname=missing.test qtype=1 qclass=1 rd=0 result=OK
role=auth-a qname=missing.test qtype=1 qclass=1 rd=0 result=OK
role=root qname=gamma.test qtype=1 qclass=1 rd=0 result=OK
role=tld qname=gamma.test qtype=1 qclass=1 rd=0 result=OK
role=auth-a qname=gamma.test qtype=1 qclass=1 rd=0 result=OK
role=root qname=gamma.test qtype=1 qclass=1 rd=0 result=OK
role=tld qname=gamma.test qtype=1 qclass=1 rd=0 result=OK
role=auth-a qname=gamma.test qtype=1 qclass=1 rd=0 result=OK
role=root qname=gamma.test qtype=1 qclass=1 rd=0 result=OK
role=tld qname=gamma.test qtype=1 qclass=1 rd=0 result=OK
role=auth-a qname=gamma.test qtype=1 qclass=1 rd=0 result=OK
role=recursive qname=alpha.test qtype=1 qclass=1 rd=1 result=OK
role=recursive qname=beta.test qtype=1 qclass=1 rd=1 result=OK
role=recursive qname=gamma.test qtype=1 qclass=1 rd=1 result=OK
role=recursive qname=delta.test qtype=1 qclass=1 rd=1 result=OK
role=recursive qname=epsilon.test qtype=1 qclass=1 rd=1 result=OK
role=recursive qname=zeta.test qtype=1 qclass=1 rd=1 result=OK
role=recursive qname=eta.test qtype=1 qclass=1 rd=1 result=OK
role=recursive qname=alias.test qtype=1 qclass=1 rd=1 result=OK
role=recursive qname=missing.test qtype=1 qclass=1 rd=1 result=OK
role=root qname=alpha.test qtype=1 qclass=1 rd=0 result=OK
role=tld qname=alpha.test qtype=1 qclass=1 rd=0 result=OK
role=auth-a qname=alpha.test qtype=1 qclass=1 rd=0 result=OK
role=root qname=beta.test qtype=1 qclass=1 rd=0 result=OK
role=tld qname=beta.test qtype=1 qclass=1 rd=0 result=OK
role=auth-a qname=beta.test qtype=1 qclass=1 rd=0 result=OK
role=root qname=gamma.test qtype=1 qclass=1 rd=0 result=OK
role=tld qname=gamma.test qtype=1 qclass=1 rd=0 result=OK
role=auth-a qname=gamma.test qtype=1 qclass=1 rd=0 result=OK
role=root qname=delta.test qtype=1 qclass=1 rd=0 result=OK
role=tld qname=delta.test qtype=1 qclass=1 rd=0 result=OK
role=auth-b qname=delta.test qtype=1 qclass=1 rd=0 result=OK
role=root qname=epsilon.test qtype=1 qclass=1 rd=0 result=OK
role=tld qname=epsilon.test qtype=1 qclass=1 rd=0 result=OK
role=auth-b qname=epsilon.test qtype=1 qclass=1 rd=0 result=OK
role=root qname=zeta.test qtype=1 qclass=1 rd=0 result=OK
role=tld qname=zeta.test qtype=1 qclass=1 rd=0 result=OK
role=auth-b qname=zeta.test qtype=1 qclass=1 rd=0 result=OK
role=root qname=eta.test qtype=1 qclass=1 rd=0 result=OK
role=tld qname=eta.test qtype=1 qclass=1 rd=0 result=OK
role=auth-a qname=eta.test qtype=1 qclass=1 rd=0 result=OK
role=root qname=alias.test qtype=1 qclass=1 rd=0 result=OK
role=tld qname=alias.test qtype=1 qclass=1 rd=0 result=OK
role=auth-a qname=alias.test qtype=1 qclass=1 rd=0 result=OK
role=root qname=missing.test qtype=1 qclass=1 rd=0 result=OK
role=tld qname=missing.test qtype=1 qclass=1 rd=0 result=OK
role=auth-a qname=missing.test qtype=1 qclass=1 rd=0 result=OK
role=root qname=alpha.test qtype=1 qclass=1 rd=0 result=OK
role=tld qname=alpha.test qtype=1 qclass=1 rd=0 result=OK
role=auth-a qname=alpha.test qtype=1 qclass=1 rd=0 result=OK
role=root qname=alpha.test qtype=1 qclass=1 rd=0 result=OK
role=tld qname=alpha.test qtype=1 qclass=1 rd=0 result=OK
role=auth-a qname=alpha.test qtype=1 qclass=1 rd=0 result=OK
role=root qname=alpha.test qtype=1 qclass=1 rd=0 result=OK
role=tld qname=alpha.test qtype=1 qclass=1 rd=0 result=OK
role=auth-a qname=alpha.test qtype=1 qclass=1 rd=0 result=OK
role=recursive qname=alpha.test qtype=1 qclass=1 rd=1 result=OK
role=recursive qname=beta.test qtype=1 qclass=1 rd=1 result=OK
role=recursive qname=gamma.test qtype=1 qclass=1 rd=1 result=OK
role=recursive qname=delta.test qtype=1 qclass=1 rd=1 result=OK
role=recursive qname=epsilon.test qtype=1 qclass=1 rd=1 result=OK
role=recursive qname=zeta.test qtype=1 qclass=1 rd=1 result=OK
role=recursive qname=eta.test qtype=1 qclass=1 rd=1 result=OK
role=recursive qname=alias.test qtype=1 qclass=1 rd=1 result=OK
role=recursive qname=missing.test qtype=1 qclass=1 rd=1 result=OK
role=root qname=alpha.test qtype=1 qclass=1 rd=0 result=OK
role=tld qname=alpha.test qtype=1 qclass=1 rd=0 result=OK
role=auth-a qname=alpha.test qtype=1 qclass=1 rd=0 result=OK
role=root qname=beta.test qtype=1 qclass=1 rd=0 result=OK
role=tld qname=beta.test qtype=1 qclass=1 rd=0 result=OK
role=auth-a qname=beta.test qtype=1 qclass=1 rd=0 result=OK
role=root qname=gamma.test qtype=1 qclass=1 rd=0 result=OK
role=recursive qname=alpha.test qtype=1 qclass=1 rd=1 result=OK
role=recursive qname=beta.test qtype=1 qclass=1 rd=1 result=OK
role=recursive qname=gamma.test qtype=1 qclass=1 rd=1 result=OK
role=recursive qname=delta.test qtype=1 qclass=1 rd=1 result=OK
role=recursive qname=epsilon.test qtype=1 qclass=1 rd=1 result=OK
role=recursive qname=zeta.test qtype=1 qclass=1 rd=1 result=OK
role=recursive qname=eta.test qtype=1 qclass=1 rd=1 result=OK
role=recursive qname=alias.test qtype=1 qclass=1 rd=1 result=OK
role=recursive qname=missing.test qtype=1 qclass=1 rd=1 result=OK
role=root qname=alpha.test qtype=1 qclass=1 rd=0 result=OK
role=tld qname=alpha.test qtype=1 qclass=1 rd=0 result=OK
role=auth-a qname=alpha.test qtype=1 qclass=1 rd=0 result=OK
role=root qname=beta.test qtype=1 qclass=1 rd=0 result=OK
role=tld qname=beta.test qtype=1 qclass=1 rd=0 result=OK
role=auth-a qname=beta.test qtype=1 qclass=1 rd=0 result=OK
role=root qname=gamma.test qtype=1 qclass=1 rd=0 result=OK
role=tld qname=gamma.test qtype=1 qclass=1 rd=0 result=OK
role=auth-a qname=gamma.test qtype=1 qclass=1 rd=0 result=OK
role=root qname=delta.test qtype=1 qclass=1 rd=0 result=OK
role=tld qname=delta.test qtype=1 qclass=1 rd=0 result=OK
role=auth-b qname=delta.test qtype=1 qclass=1 rd=0 result=OK
role=root qname=epsilon.test qtype=1 qclass=1 rd=0 result=OK
role=tld qname=epsilon.test qtype=1 qclass=1 rd=0 result=OK
role=auth-b qname=epsilon.test qtype=1 qclass=1 rd=0 result=OK
role=root qname=zeta.test qtype=1 qclass=1 rd=0 result=OK
role=tld qname=zeta.test qtype=1 qclass=1 rd=0 result=OK
role=auth-b qname=zeta.test qtype=1 qclass=1 rd=0 result=OK
role=root qname=eta.test qtype=1 qclass=1 rd=0 result=OK
role=tld qname=eta.test qtype=1 qclass=1 rd=0 result=OK
role=auth-a qname=eta.test qtype=1 qclass=1 rd=0 result=OK
role=root qname=alias.test qtype=1 qclass=1 rd=0 result=OK
role=tld qname=alias.test qtype=1 qclass=1 rd=0 result=OK
role=auth-a qname=alias.test qtype=1 qclass=1 rd=0 result=OK
role=root qname=missing.test qtype=1 qclass=1 rd=0 result=OK
role=tld qname=missing.test qtype=1 qclass=1 rd=0 result=OK
role=auth-a qname=missing.test qtype=1 qclass=1 rd=0 result=OK
